~#
~# = = = = = = = = = = = = = = = = = = = = = = = = = = = = = = = = = = = = =
~# FORWARDING4 Validation Test: successful if ALL MESSAGES RECEIVED appears
~#                              below and no TEST FAILED messages follow it
~# = = = = = = = = = = = = = = = = = = = = = = = = = = = = = = = = = = = = =
~#
