~# 01
~# 02 = = = = = = = = = = = = = = = = = = = = = = = = = = = = = = = = = = = = =
~# 03 GOODGADGET Validation Test
~# 04 = = = = = = = = = = = = = = = = = = = = = = = = = = = = = = = = = = = = =
~# 05
~# 0:1   --- Loc-RIB at bgp@0:1:
~# 0:1  |      NetworkNHI         NextHopNHI       Metric LocPrf Weight ASPathNHI
~# 0:1  | *>   0                  self                  -      -      -           i
~# 0:1  | *>   1                  1:1(1)                -      -      - 1        
~# 0:1  | *>   2                  2:1(1)                -      -      - 2        
~# 0:1  | *>   3                  3:1(1)                -      -      - 3        
~# 1:1   --- Loc-RIB at bgp@1:1:
~# 1:1  |      NetworkNHI         NextHopNHI       Metric LocPrf Weight ASPathNHI
~# 1:1  | *>   0                  2:1(2)                -    100      - 2 3 0    
~# 1:1  | *>   1                  self                  -      -      -           i
~# 1:1  | *>   2                  2:1(2)                -    100      - 2        
~# 1:1  | *>   3                  2:1(2)                -    100      - 2 3      
~# 2:1   --- Loc-RIB at bgp@2:1:
~# 2:1  |      NetworkNHI         NextHopNHI       Metric LocPrf Weight ASPathNHI
~# 2:1  | *>   0                  3:1(3)                -    100      - 3 0      
~# 2:1  | *>   1                  3:1(3)                -    100      - 3 1      
~# 2:1  | *>   2                  self                  -      -      -           i
~# 2:1  | *>   3                  3:1(3)                -    100      - 3        
~# 3:1   --- Loc-RIB at bgp@3:1:
~# 3:1  |      NetworkNHI         NextHopNHI       Metric LocPrf Weight ASPathNHI
~# 3:1  | *>   0                  0:1(3)                -      -      - 0        
~# 3:1  | *>   1                  1:1(3)                -      -      - 1        
~# 3:1  | *>   2                  2:1(3)                -      -      - 2        
~# 3:1  | *>   3                  self                  -      -      -           i
